I'm sorry, but errors were detected in your script. Please correct the
errors listed below, and try again.


File "game/script.rpy", line 35: invalid syntax
    Character ("Alouette", colour "#6d349e")
                                  ^^^^^^^^^

Ren'Py Version: Ren'Py 8.5.2.26010301
Sun Mar  1 09:47:19 2026
